------------------------------------------------------------
Timing Analyzer Summary
------------------------------------------------------------

Type  : Slow 1100mV 85C Model Setup 'CLOCK_50'
Slack : -6.310
TNS   : -81.899

Type  : Slow 1100mV 85C Model Setup 'state[0]'
Slack : -3.924
TNS   : -30.805

Type  : Slow 1100mV 85C Model Hold 'CLOCK_50'
Slack : 0.326
TNS   : 0.000

Type  : Slow 1100mV 85C Model Hold 'state[0]'
Slack : 2.751
TNS   : 0.000

Type  : Slow 1100mV 85C Model Recovery 'CLOCK_50'
Slack : -0.716
TNS   : -12.901

Type  : Slow 1100mV 85C Model Removal 'CLOCK_50'
Slack : 0.545
TNS   : 0.000

Type  : Slow 1100mV 85C Model Minimum Pulse Width 'CLOCK_50'
Slack : -0.394
TNS   : -43.803

Type  : Slow 1100mV 85C Model Minimum Pulse Width 'state[0]'
Slack : 0.376
TNS   : 0.000

Type  : Slow 1100mV 0C Model Setup 'CLOCK_50'
Slack : -5.995
TNS   : -80.190

Type  : Slow 1100mV 0C Model Setup 'state[0]'
Slack : -4.044
TNS   : -31.793

Type  : Slow 1100mV 0C Model Hold 'CLOCK_50'
Slack : 0.303
TNS   : 0.000

Type  : Slow 1100mV 0C Model Hold 'state[0]'
Slack : 2.774
TNS   : 0.000

Type  : Slow 1100mV 0C Model Recovery 'CLOCK_50'
Slack : -0.703
TNS   : -11.922

Type  : Slow 1100mV 0C Model Removal 'CLOCK_50'
Slack : 0.514
TNS   : 0.000

Type  : Slow 1100mV 0C Model Minimum Pulse Width 'CLOCK_50'
Slack : -0.394
TNS   : -46.538

Type  : Slow 1100mV 0C Model Minimum Pulse Width 'state[0]'
Slack : 0.417
TNS   : 0.000

Type  : Fast 1100mV 85C Model Setup 'CLOCK_50'
Slack : -4.108
TNS   : -25.729

Type  : Fast 1100mV 85C Model Setup 'state[0]'
Slack : -1.914
TNS   : -15.039

Type  : Fast 1100mV 85C Model Hold 'CLOCK_50'
Slack : 0.182
TNS   : 0.000

Type  : Fast 1100mV 85C Model Hold 'state[0]'
Slack : 1.758
TNS   : 0.000

Type  : Fast 1100mV 85C Model Recovery 'CLOCK_50'
Slack : 0.088
TNS   : 0.000

Type  : Fast 1100mV 85C Model Removal 'CLOCK_50'
Slack : 0.290
TNS   : 0.000

Type  : Fast 1100mV 85C Model Minimum Pulse Width 'CLOCK_50'
Slack : -0.094
TNS   : -7.544

Type  : Fast 1100mV 85C Model Minimum Pulse Width 'state[0]'
Slack : 0.432
TNS   : 0.000

Type  : Fast 1100mV 0C Model Setup 'CLOCK_50'
Slack : -3.493
TNS   : -19.072

Type  : Fast 1100mV 0C Model Setup 'state[0]'
Slack : -1.877
TNS   : -14.738

Type  : Fast 1100mV 0C Model Hold 'CLOCK_50'
Slack : 0.171
TNS   : 0.000

Type  : Fast 1100mV 0C Model Hold 'state[0]'
Slack : 1.734
TNS   : 0.000

Type  : Fast 1100mV 0C Model Recovery 'CLOCK_50'
Slack : 0.140
TNS   : 0.000

Type  : Fast 1100mV 0C Model Removal 'CLOCK_50'
Slack : 0.264
TNS   : 0.000

Type  : Fast 1100mV 0C Model Minimum Pulse Width 'CLOCK_50'
Slack : -0.093
TNS   : -7.499

Type  : Fast 1100mV 0C Model Minimum Pulse Width 'state[0]'
Slack : 0.445
TNS   : 0.000

------------------------------------------------------------
