------------------------------------------------------------
Timing Analyzer Summary
------------------------------------------------------------

Type  : Slow 1100mV 85C Model Setup 'CLOCK_50'
Slack : -6.147
TNS   : -65.742

Type  : Slow 1100mV 85C Model Setup 'state[0]'
Slack : -3.979
TNS   : -30.215

Type  : Slow 1100mV 85C Model Hold 'CLOCK_50'
Slack : 0.303
TNS   : 0.000

Type  : Slow 1100mV 85C Model Hold 'state[0]'
Slack : 2.617
TNS   : 0.000

Type  : Slow 1100mV 85C Model Recovery 'CLOCK_50'
Slack : -0.711
TNS   : -13.800

Type  : Slow 1100mV 85C Model Removal 'CLOCK_50'
Slack : 0.531
TNS   : 0.000

Type  : Slow 1100mV 85C Model Minimum Pulse Width 'CLOCK_50'
Slack : -0.394
TNS   : -34.216

Type  : Slow 1100mV 85C Model Minimum Pulse Width 'state[0]'
Slack : 0.383
TNS   : 0.000

Type  : Slow 1100mV 0C Model Setup 'CLOCK_50'
Slack : -5.899
TNS   : -65.215

Type  : Slow 1100mV 0C Model Setup 'state[0]'
Slack : -4.124
TNS   : -30.803

Type  : Slow 1100mV 0C Model Hold 'CLOCK_50'
Slack : 0.287
TNS   : 0.000

Type  : Slow 1100mV 0C Model Hold 'state[0]'
Slack : 2.644
TNS   : 0.000

Type  : Slow 1100mV 0C Model Recovery 'CLOCK_50'
Slack : -0.699
TNS   : -13.219

Type  : Slow 1100mV 0C Model Removal 'CLOCK_50'
Slack : 0.499
TNS   : 0.000

Type  : Slow 1100mV 0C Model Minimum Pulse Width 'CLOCK_50'
Slack : -0.394
TNS   : -36.889

Type  : Slow 1100mV 0C Model Minimum Pulse Width 'state[0]'
Slack : 0.397
TNS   : 0.000

Type  : Fast 1100mV 85C Model Setup 'CLOCK_50'
Slack : -3.908
TNS   : -22.256

Type  : Fast 1100mV 85C Model Setup 'state[0]'
Slack : -1.939
TNS   : -14.601

Type  : Fast 1100mV 85C Model Hold 'CLOCK_50'
Slack : 0.178
TNS   : 0.000

Type  : Fast 1100mV 85C Model Hold 'state[0]'
Slack : 1.669
TNS   : 0.000

Type  : Fast 1100mV 85C Model Recovery 'CLOCK_50'
Slack : 0.090
TNS   : 0.000

Type  : Fast 1100mV 85C Model Removal 'CLOCK_50'
Slack : 0.289
TNS   : 0.000

Type  : Fast 1100mV 85C Model Minimum Pulse Width 'CLOCK_50'
Slack : -0.094
TNS   : -5.949

Type  : Fast 1100mV 85C Model Minimum Pulse Width 'state[0]'
Slack : 0.397
TNS   : 0.000

Type  : Fast 1100mV 0C Model Setup 'CLOCK_50'
Slack : -3.339
TNS   : -17.451

Type  : Fast 1100mV 0C Model Setup 'state[0]'
Slack : -1.861
TNS   : -14.201

Type  : Fast 1100mV 0C Model Hold 'CLOCK_50'
Slack : 0.162
TNS   : 0.000

Type  : Fast 1100mV 0C Model Hold 'state[0]'
Slack : 1.656
TNS   : 0.000

Type  : Fast 1100mV 0C Model Recovery 'CLOCK_50'
Slack : 0.142
TNS   : 0.000

Type  : Fast 1100mV 0C Model Removal 'CLOCK_50'
Slack : 0.265
TNS   : 0.000

Type  : Fast 1100mV 0C Model Minimum Pulse Width 'CLOCK_50'
Slack : -0.093
TNS   : -5.910

Type  : Fast 1100mV 0C Model Minimum Pulse Width 'state[0]'
Slack : 0.412
TNS   : 0.000

------------------------------------------------------------
