------------------------------------------------------------
Timing Analyzer Summary
------------------------------------------------------------

Type  : Slow 1100mV 85C Model Setup 'state[0]'
Slack : -4.447
TNS   : -33.012

Type  : Slow 1100mV 85C Model Setup 'CLOCK_50'
Slack : -2.921
TNS   : -72.776

Type  : Slow 1100mV 85C Model Hold 'CLOCK_50'
Slack : 0.329
TNS   : 0.000

Type  : Slow 1100mV 85C Model Hold 'state[0]'
Slack : 3.105
TNS   : 0.000

Type  : Slow 1100mV 85C Model Recovery 'CLOCK_50'
Slack : -0.940
TNS   : -22.390

Type  : Slow 1100mV 85C Model Removal 'CLOCK_50'
Slack : 0.546
TNS   : 0.000

Type  : Slow 1100mV 85C Model Minimum Pulse Width 'CLOCK_50'
Slack : -0.394
TNS   : -46.715

Type  : Slow 1100mV 85C Model Minimum Pulse Width 'state[0]'
Slack : 0.413
TNS   : 0.000

Type  : Slow 1100mV 0C Model Setup 'state[0]'
Slack : -4.618
TNS   : -33.982

Type  : Slow 1100mV 0C Model Setup 'CLOCK_50'
Slack : -2.751
TNS   : -71.909

Type  : Slow 1100mV 0C Model Hold 'CLOCK_50'
Slack : 0.134
TNS   : 0.000

Type  : Slow 1100mV 0C Model Hold 'state[0]'
Slack : 3.163
TNS   : 0.000

Type  : Slow 1100mV 0C Model Recovery 'CLOCK_50'
Slack : -0.856
TNS   : -19.690

Type  : Slow 1100mV 0C Model Removal 'CLOCK_50'
Slack : 0.514
TNS   : 0.000

Type  : Slow 1100mV 0C Model Minimum Pulse Width 'CLOCK_50'
Slack : -0.394
TNS   : -51.373

Type  : Slow 1100mV 0C Model Minimum Pulse Width 'state[0]'
Slack : 0.361
TNS   : 0.000

Type  : Fast 1100mV 85C Model Setup 'CLOCK_50'
Slack : -2.392
TNS   : -19.299

Type  : Fast 1100mV 85C Model Setup 'state[0]'
Slack : -2.146
TNS   : -16.073

Type  : Fast 1100mV 85C Model Hold 'CLOCK_50'
Slack : 0.181
TNS   : 0.000

Type  : Fast 1100mV 85C Model Hold 'state[0]'
Slack : 1.912
TNS   : 0.000

Type  : Fast 1100mV 85C Model Recovery 'CLOCK_50'
Slack : -0.136
TNS   : -3.102

Type  : Fast 1100mV 85C Model Removal 'CLOCK_50'
Slack : 0.292
TNS   : 0.000

Type  : Fast 1100mV 85C Model Minimum Pulse Width 'CLOCK_50'
Slack : -0.086
TNS   : -7.342

Type  : Fast 1100mV 85C Model Minimum Pulse Width 'state[0]'
Slack : 0.434
TNS   : 0.000

Type  : Fast 1100mV 0C Model Setup 'state[0]'
Slack : -2.106
TNS   : -15.679

Type  : Fast 1100mV 0C Model Setup 'CLOCK_50'
Slack : -1.826
TNS   : -14.028

Type  : Fast 1100mV 0C Model Hold 'CLOCK_50'
Slack : 0.172
TNS   : 0.000

Type  : Fast 1100mV 0C Model Hold 'state[0]'
Slack : 1.891
TNS   : 0.000

Type  : Fast 1100mV 0C Model Recovery 'CLOCK_50'
Slack : -0.039
TNS   : -0.876

Type  : Fast 1100mV 0C Model Removal 'CLOCK_50'
Slack : 0.266
TNS   : 0.000

Type  : Fast 1100mV 0C Model Minimum Pulse Width 'CLOCK_50'
Slack : -0.087
TNS   : -7.519

Type  : Fast 1100mV 0C Model Minimum Pulse Width 'state[0]'
Slack : 0.443
TNS   : 0.000

------------------------------------------------------------
